Símbolo         Valor Decimal   Valor Hexadecimal
-------         -------------   -----------------
STACK                   65408                FF80
IVET                    65470                FFBE
TIMDT                   65495                FFD7
INTS                    65496                FFD8
INTE                    65497                FFD9
TECST                   65498                FFDA
TECDT                   65499                FFDB
VISOR                   65500                FFDC
LOOP_RELOGIO               32                  20
LOOP_RESET                 44                  2C
MAIN                       52                  34
LOOP_MAIN                 104                  68
GAME_VIDAS_ERRO           162                  A2
QNTVIDASINVALIDAS         177                  B1
GAME_OVER                 209                  D1
LOOP_RESET_1              217                  D9
GAME_WINNER               268                 10C
LOOP_RESET_2              276                 114
COMPARA_STRINGS           327                 147
LOOP_COMPARA_STRINGS      343                 157
ENCERRA_LOOP              371                 173
INC_FLAG                  372                 174
JOGO                      379                 17B
LOOP_VERIFICA_TECLA       405                 195
FIM_STRING                433                 1B1
LETRA_ENCONTRADA          452                 1C4
LETRA_NAO_ENCONTRADA      468                 1D4
PALAVRA_MAIUSCULA         483                 1E3
LOOP_UPPERCASE            493                 1ED
END_UPPERCASE             529                 211
UNDERSCORE_PALAVRA_HIDE      540                 21C
LOOP_UNDERSCORE_PALAVRA_HIDE      550                 226
UNDERSCORE_PALAVRA_HIDE_DONE      570                 23A
ISR                       571                 23B
TSTTIMER                  599                 257
ISR2                      607                 25F
ISRTIM                    620                 26C
ISRTIM_FIM                684                 2AC
ISRTEC                    694                 2B6
ISRTEC_FIM                726                 2D6
DISPLAYPALAVRAHIDE        740                 2E4
DISPLAYPALAVRAHIDE_1      748                 2EC
DISPLAYDONE               764                 2FC
DISPLAYSTATUSJOGO         765                 2FD
DISPLAYSTATUSJOGO_1       775                 307
DISPLAYTEMPO              786                 312
DISPLAYTEMPO_1            800                 320
DISPLAYMSGVIDAERRO        811                 32B
DISPLAYMSGVIDAERRO_1      815                 32F
DISPLAYVIDASSTR           826                 33A
DISPLAYVIDASSTR_1         830                 33E
DISPLAYDEC                841                 349
DSPDEC_2                  843                 34B
DSPDEC_1                  857                 359
VIDAS_COUNTER            8000                1F40
PALAVRA                  8002                1F42
PALAVRA_HIDE             8028                1F5C
RELOGIO                  8054                1F76
HORA                     8054                1F76
MINUTO                   8056                1F78
SEGUNDO                  8058                1F7A
DECIMOS                  8060                1F7C
TECLA                    8062                1F7E
PERDEU                   8064                1F80
GANHOU                   8078                1F8E
TEMPODEJOGO              8092                1F9C
VIDAS                    8108                1FAC
FLAGSTRING               8115                1FB3
TAMPALAVRA               8117                1FB5
FLAGGANHOU               8119                1FB7
